{"t":{"$date":"2026-09-06T22:41:39.437-05:00"},"s":"I",  "c":"CONTROL",  "id":97374,   "ctx":"main","msg":"Automatically disabling TLS 1.0 and TLS 1.1, to force-enable TLS 1.1 specify --sslDisabledProtocols 'TLS1_0'; to force-enable TLS 1.0 specify --sslDisabledProtocols 'none'"}
{"t":{"$date":"2026-09-06T22:41:39.441-05:00"},"s":"I",  "c":"NETWORK",  "id":4915701, "ctx":"main","msg":"Initialized wire specification","attr":{"spec":{"incomingExternalClient":{"minWireVersion":0,"maxWireVersion":27},"incomingInternalClient":{"minWireVersion":0,"maxWireVersion":27},"outgoing":{"minWireVersion":6,"maxWireVersion":27},"isInternalClient":true}}}
{"t":{"$date":"2026-09-06T22:41:39.445-05:00"},"s":"I",  "c":"CONTROL",  "id":5945603, "ctx":"main","msg":"Multi threading initialized"}
{"t":{"$date":"2026-09-06T22:41:39.445-05:00"},"s":"I",  "c":"CONTROL",  "id":4615611, "ctx":"initandlisten","msg":"MongoDB starting","attr":{"pid":1273459,"port":27017,"dbPath":"/home/warleon/Projects/kouda/CLIENTS/rednati-ancash-2/.mongo/data","architecture":"64-bit","host":"nixos"}}
{"t":{"$date":"2026-09-06T22:41:39.445-05:00"},"s":"I",  "c":"CONTROL",  "id":23403,   "ctx":"initandlisten","msg":"Build Info","attr":{"buildInfo":{"version":"8.2.12","gitVersion":"0f912e80210b8fdfdcec618b14b6c0fced055cb8","openSSLVersion":"OpenSSL 3.6.3 9 Jun 2026","modules":[],"allocator":"tcmalloc-google","environment":{"distmod":"ubuntu2404","distarch":"x86_64","target_arch":"x86_64"}}}}
{"t":{"$date":"2026-09-06T22:41:39.445-05:00"},"s":"I",  "c":"CONTROL",  "id":51765,   "ctx":"initandlisten","msg":"Operating System","attr":{"os":{"name":"nixos","version":"\"26.05\""}}}
{"t":{"$date":"2026-09-06T22:41:39.445-05:00"},"s":"I",  "c":"CONTROL",  "id":21951,   "ctx":"initandlisten","msg":"Options set by command line","attr":{"options":{"processManagement":{"fork":true},"storage":{"dbPath":"/home/warleon/Projects/kouda/CLIENTS/rednati-ancash-2/.mongo/data"},"systemLog":{"destination":"file","path":"/home/warleon/Projects/kouda/CLIENTS/rednati-ancash-2/.mongo/mongod.log"}}}}
{"t":{"$date":"2026-09-06T22:41:39.447-05:00"},"s":"I",  "c":"NETWORK",  "id":4648601, "ctx":"initandlisten","msg":"Implicit TCP FastOpen unavailable. If TCP FastOpen is required, set at least one of the related parameters","attr":{"relatedParameters":["tcpFastOpenServer","tcpFastOpenClient","tcpFastOpenQueueSize"]}}
{"t":{"$date":"2026-09-06T22:41:39.448-05:00"},"s":"E",  "c":"CONTROL",  "id":20568,   "ctx":"initandlisten","msg":"Error setting up transport layer","attr":{"error":{"code":9001,"codeName":"SocketException","errmsg":"127.0.0.1:27017 :: caused by :: setup bind :: caused by :: Address already in use"}}}
{"t":{"$date":"2026-09-06T22:41:39.449-05:00"},"s":"I",  "c":"REPL",     "id":4784900, "ctx":"initandlisten","msg":"Stepping down the ReplicationCoordinator for shutdown","attr":{"waitTimeMillis":15000}}
{"t":{"$date":"2026-09-06T22:41:39.452-05:00"},"s":"I",  "c":"REPL",     "id":4794602, "ctx":"initandlisten","msg":"Attempting to enter quiesce mode"}
{"t":{"$date":"2026-09-06T22:41:39.452-05:00"},"s":"I",  "c":"-",        "id":6371601, "ctx":"initandlisten","msg":"Shutting down the FLE Crud thread pool"}
{"t":{"$date":"2026-09-06T22:41:39.452-05:00"},"s":"I",  "c":"COMMAND",  "id":4784901, "ctx":"initandlisten","msg":"Shutting down the MirrorMaestro"}
{"t":{"$date":"2026-09-06T22:41:39.452-05:00"},"s":"I",  "c":"SHARDING", "id":4784902, "ctx":"initandlisten","msg":"Shutting down the WaitForMajorityService"}
{"t":{"$date":"2026-09-06T22:41:39.452-05:00"},"s":"I",  "c":"NETWORK",  "id":4784905, "ctx":"initandlisten","msg":"Shutting down the global connection pool"}
{"t":{"$date":"2026-09-06T22:41:39.452-05:00"},"s":"I",  "c":"NETWORK",  "id":4784918, "ctx":"initandlisten","msg":"Shutting down the ReplicaSetMonitor"}
{"t":{"$date":"2026-09-06T22:41:39.452-05:00"},"s":"I",  "c":"SHARDING", "id":9439300, "ctx":"initandlisten","msg":"Shutting down the filtering metadata cache"}
{"t":{"$date":"2026-09-06T22:41:39.452-05:00"},"s":"I",  "c":"CONTROL",  "id":4784928, "ctx":"initandlisten","msg":"Shutting down the TTL monitor"}
{"t":{"$date":"2026-09-06T22:41:39.452-05:00"},"s":"I",  "c":"CONTROL",  "id":4784929, "ctx":"initandlisten","msg":"Acquiring the global lock for shutdown"}
{"t":{"$date":"2026-09-06T22:41:39.452-05:00"},"s":"I",  "c":"-",        "id":4784931, "ctx":"initandlisten","msg":"Dropping the scope cache for shutdown"}
{"t":{"$date":"2026-09-06T22:41:39.452-05:00"},"s":"I",  "c":"-",        "id":10175800,"ctx":"initandlisten","msg":"Shutting down the standalone executor"}
{"t":{"$date":"2026-09-06T22:41:39.452-05:00"},"s":"I",  "c":"CONTROL",  "id":20565,   "ctx":"initandlisten","msg":"Now exiting"}
{"t":{"$date":"2026-09-06T22:41:39.452-05:00"},"s":"I",  "c":"CONTROL",  "id":8423404, "ctx":"initandlisten","msg":"mongod shutdown complete","attr":{"Summary of time elapsed":{"Statistics":{"enterTerminalShutdownMillis":0,"stepDownReplCoordMillis":4,"quiesceModeMillis":0,"stopFLECrudMillis":0,"shutDownMirrorMaestroMillis":0,"shutDownWaitForMajorityServiceMillis":0,"shutDownGlobalConnectionPoolMillis":0,"shutDownSearchTaskExecutorsMillis":0,"shutDownReplicaSetMonitorMillis":0,"shutDownTTLMonitorMillis":0,"shutDownExpiredDocumentRemoverMillis":0,"shutDownOtelMetricsMillis":0,"shutDownFTDCMillis":0,"shutDownReplicaSetNodeExecutorMillis":0,"shutDownOCSPMillis":0,"shutdownTaskTotalMillis":4}}}}
{"t":{"$date":"2026-09-06T22:41:39.452-05:00"},"s":"I",  "c":"CONTROL",  "id":23138,   "ctx":"initandlisten","msg":"Shutting down","attr":{"exitCode":48}}
